=== MoEx: PIN then "hi" x10 (VRAM-only, 3B-style) ===
gpu_dispatch: ON — zero host round trips per layer (Phase 1 only; Phase 0 discovery and the
  detailed-profile pass always use the host round-trip path)
model:  C:/models/Qwen_Qwen3-30B-A3B-Q4_K_M.gguf
config: layers=48 experts=128 top_k=8 d_model=2048
GPU:    5080 / 6140 MiB free before load
static resident: 1023.342 MiB

=== PHASE 0: DISCOVER (reactive pin on first "hi") ===
prompt: "hi"  output: " * 100000000000000000000000000000"
experts pinned:   1676  (layer-scoped bundles)
expert H2D:       4550.59 MiB in 639 uploads, 2741.1 ms (1.74 GB/s)
total resident:   5.443 GiB
VRAM:             6140 / 6140 MiB  (0 free)
cold prefill:     586.3 ms  | cold decode: 7.60 tok/s (32 tok)
NOTE: cold pass paid H2D — not the 3B-style number.

=== PHASE 1: EXPERTS PRE-PINNED — re-send "hi" 10 times ===
(fresh KV each pass, live router, H2D disabled — pure VRAM)

--- pass 1/10 ---
  output:     " * 100000000000000000000000000000"
  prefill:    32.3 ms   (TTFT / first-id ready)
  decode:     16.94 tok/s  (32 tok in 1888.8 ms, mean 59.0 ms/tok)
  per-tok ms: min 32.4  p50 56.4  p95 98.0  max 108.2
  expert hit: 12672 / 12672  (100.0%)  miss=0
  H2D this pass: 0 calls, 0.00 MiB  (GOOD — pure VRAM)

--- pass 2/10 ---
  output:     " * 100000000000000000000000000000"
  prefill:    32.0 ms   (TTFT / first-id ready)
  decode:     16.76 tok/s  (32 tok in 1908.7 ms, mean 59.6 ms/tok)
  per-tok ms: min 31.3  p50 57.9  p95 99.8  max 110.0
  expert hit: 12672 / 12672  (100.0%)  miss=0
  H2D this pass: 0 calls, 0.00 MiB  (GOOD — pure VRAM)

--- pass 3/10 ---
  output:     " * 100000000000000000000000000000"
  prefill:    32.1 ms   (TTFT / first-id ready)
  decode:     16.95 tok/s  (32 tok in 1888.2 ms, mean 59.0 ms/tok)
  per-tok ms: min 31.8  p50 56.7  p95 97.8  max 107.0
  expert hit: 12672 / 12672  (100.0%)  miss=0
  H2D this pass: 0 calls, 0.00 MiB  (GOOD — pure VRAM)

--- pass 4/10 ---
  output:     " * 100000000000000000000000000000"
  prefill:    32.2 ms   (TTFT / first-id ready)
  decode:     16.71 tok/s  (32 tok in 1914.9 ms, mean 59.8 ms/tok)
  per-tok ms: min 32.2  p50 57.6  p95 100.8  max 108.7
  expert hit: 12672 / 12672  (100.0%)  miss=0
  H2D this pass: 0 calls, 0.00 MiB  (GOOD — pure VRAM)

--- pass 5/10 ---
  output:     " * 100000000000000000000000000000"
  prefill:    32.4 ms   (TTFT / first-id ready)
  decode:     16.92 tok/s  (32 tok in 1890.9 ms, mean 59.1 ms/tok)
  per-tok ms: min 31.4  p50 56.8  p95 98.7  max 105.1
  expert hit: 12672 / 12672  (100.0%)  miss=0
  H2D this pass: 0 calls, 0.00 MiB  (GOOD — pure VRAM)

--- pass 6/10 ---
  output:     " * 100000000000000000000000000000"
  prefill:    32.4 ms   (TTFT / first-id ready)
  decode:     16.66 tok/s  (32 tok in 1920.7 ms, mean 60.0 ms/tok)
  per-tok ms: min 32.9  p50 57.4  p95 100.7  max 111.6
  expert hit: 12672 / 12672  (100.0%)  miss=0
  H2D this pass: 0 calls, 0.00 MiB  (GOOD — pure VRAM)

--- pass 7/10 ---
  output:     " * 100000000000000000000000000000"
  prefill:    33.6 ms   (TTFT / first-id ready)
  decode:     16.88 tok/s  (32 tok in 1895.4 ms, mean 59.2 ms/tok)
  per-tok ms: min 33.3  p50 56.6  p95 98.1  max 105.9
  expert hit: 12672 / 12672  (100.0%)  miss=0
  H2D this pass: 0 calls, 0.00 MiB  (GOOD — pure VRAM)

--- pass 8/10 ---
  output:     " * 100000000000000000000000000000"
  prefill:    32.4 ms   (TTFT / first-id ready)
  decode:     16.75 tok/s  (32 tok in 1910.3 ms, mean 59.7 ms/tok)
  per-tok ms: min 31.4  p50 57.7  p95 101.3  max 108.7
  expert hit: 12672 / 12672  (100.0%)  miss=0
  H2D this pass: 0 calls, 0.00 MiB  (GOOD — pure VRAM)

--- pass 9/10 ---
  output:     " * 100000000000000000000000000000"
  prefill:    32.5 ms   (TTFT / first-id ready)
  decode:     16.80 tok/s  (32 tok in 1905.1 ms, mean 59.5 ms/tok)
  per-tok ms: min 33.5  p50 56.2  p95 99.9  max 105.0
  expert hit: 12672 / 12672  (100.0%)  miss=0
  H2D this pass: 0 calls, 0.00 MiB  (GOOD — pure VRAM)

--- pass 10/10 ---
  output:     " * 100000000000000000000000000000"
  prefill:    32.6 ms   (TTFT / first-id ready)
  decode:     16.69 tok/s  (32 tok in 1917.2 ms, mean 59.9 ms/tok)
  per-tok ms: min 33.8  p50 57.6  p95 98.5  max 107.3
  expert hit: 12672 / 12672  (100.0%)  miss=0
  H2D this pass: 0 calls, 0.00 MiB  (GOOD — pure VRAM)

=== SUMMARY (pinned "hi" x10) ===
experts pre-pinned:  1676
MoEx resident:       5.443 GiB
VRAM now:            6140 / 6140 MiB
avg prefill (TTFT):  32.4 ms
avg decode tok/s:    16.81
  pass 1:  16.94 tok/s  prefill 32.3 ms  hit 100.0%
  pass 2:  16.76 tok/s  prefill 32.0 ms  hit 100.0%
  pass 3:  16.95 tok/s  prefill 32.1 ms  hit 100.0%
  pass 4:  16.71 tok/s  prefill 32.2 ms  hit 100.0%
  pass 5:  16.92 tok/s  prefill 32.4 ms  hit 100.0%
  pass 6:  16.66 tok/s  prefill 32.4 ms  hit 100.0%
  pass 7:  16.88 tok/s  prefill 33.6 ms  hit 100.0%
  pass 8:  16.75 tok/s  prefill 32.4 ms  hit 100.0%
  pass 9:  16.80 tok/s  prefill 32.5 ms  hit 100.0%
  pass 10:  16.69 tok/s  prefill 32.6 ms  hit 100.0%
overall hit rate:    126720 / 126720 (100.00%)
H2D during repeats:  0 calls (want 0)
pure-VRAM passes:    10 / 10

VERDICT: YES — experts pinned first; all 3 "hi" runs pure VRAM (3B-style resident path)

=== DETAILED PROFILE (separate pinned run; not headline tok/s) ===
profiled tokens: 33  wall mean 61.291 ms  p50 56.206  p95 99.835  p99 112.120
phase ms/token: embed 0.046 | attention 17.312 | router 3.650 | experts 38.189 | final 1.729
host sync ms/token: router 2.589 | logits/sample 1.704
transfers: H2D 0 B/0 calls | D2H 101508 B/1617 calls | D2D 6488064 B/1584 calls
quant weight reads: 61.291 GiB total (1.857 GiB/token)
experts: hits 12672 misses 0 evictions 0 | peak VRAM 6140.5 MiB
CUDA launches: 20757 total (629.0/token)
  argmax_stage1                33 (1.0/token)
  argmax_stage2                33 (1.0/token)
  embed                        33 (1.0/token)
  expert_group_down            1584 (48.0/token)
  expert_group_gate_up_silu    1584 (48.0/token)
  expert_group_residual        1584 (48.0/token)
  gemv_attn_out_residual       1584 (48.0/token)
  gemv_logits                  33 (1.0/token)
  gemv_router                  1584 (48.0/token)
  gqa_attn                     1584 (48.0/token)
  head_rmsnorm_rope            3168 (96.0/token)
  kv_store                     1584 (48.0/token)
  qkv_fused                    1584 (48.0/token)
  rmsnorm                      3201 (97.0/token)
  router_topk8                 1584 (48.0/token)
per-token real trace: build/profile_trace.csv
