=== MoEx: PIN then "hi" x3 (VRAM-only, 3B-style) ===
gpu_dispatch: ON — zero host round trips per layer (Phase 1 only; Phase 0 discovery and the
  detailed-profile pass always use the host round-trip path)
model:  C:\models\Qwen_Qwen3-30B-A3B-Q4_K_M.gguf
config: layers=48 experts=128 top_k=8 d_model=2048
GPU:    5080 / 6140 MiB free before load
static resident: 1023.342 MiB

=== PHASE 0: DISCOVER (reactive pin on first "hi") ===
prompt: "hi"  output: " * 100000000000000000000000000000"
experts pinned:   1676  (layer-scoped bundles)
expert H2D:       4550.59 MiB in 639 uploads, 2715.7 ms (1.76 GB/s)
total resident:   5.443 GiB
VRAM:             6140 / 6140 MiB  (0 free)
cold prefill:     556.8 ms  | cold decode: 7.28 tok/s (32 tok)
NOTE: cold pass paid H2D — not the 3B-style number.

=== PHASE 1: EXPERTS PRE-PINNED — re-send "hi" 3 times ===
(fresh KV each pass, live router, H2D disabled — pure VRAM)

--- pass 1/3 ---
  output:     " * 100000000000000000000000000000"
  prefill:    32.0 ms   (TTFT / first-id ready)
  decode:     15.12 tok/s  (32 tok in 2117.0 ms, mean 66.2 ms/tok)
  per-tok ms: min 32.9  p50 65.6  p95 108.3  max 121.8
  expert hit: 12672 / 12672  (100.0%)  miss=0
  H2D this pass: 0 calls, 0.00 MiB  (GOOD — pure VRAM)

--- pass 2/3 ---
  output:     " * 100000000000000000000000000000"
  prefill:    32.4 ms   (TTFT / first-id ready)
  decode:     15.33 tok/s  (32 tok in 2087.9 ms, mean 65.2 ms/tok)
  per-tok ms: min 31.8  p50 65.6  p95 106.0  max 116.9
  expert hit: 12672 / 12672  (100.0%)  miss=0
  H2D this pass: 0 calls, 0.00 MiB  (GOOD — pure VRAM)

--- pass 3/3 ---
  output:     " * 100000000000000000000000000000"
  prefill:    32.2 ms   (TTFT / first-id ready)
  decode:     15.28 tok/s  (32 tok in 2094.3 ms, mean 65.4 ms/tok)
  per-tok ms: min 32.9  p50 64.7  p95 107.3  max 120.4
  expert hit: 12672 / 12672  (100.0%)  miss=0
  H2D this pass: 0 calls, 0.00 MiB  (GOOD — pure VRAM)

=== SUMMARY (pinned "hi" x3) ===
experts pre-pinned:  1676
MoEx resident:       5.443 GiB
VRAM now:            6140 / 6140 MiB
avg prefill (TTFT):  32.2 ms
avg decode tok/s:    15.24
  pass 1:  15.12 tok/s  prefill 32.0 ms  hit 100.0%
  pass 2:  15.33 tok/s  prefill 32.4 ms  hit 100.0%
  pass 3:  15.28 tok/s  prefill 32.2 ms  hit 100.0%
overall hit rate:    38016 / 38016 (100.00%)
H2D during repeats:  0 calls (want 0)
pure-VRAM passes:    3 / 3

VERDICT: YES — experts pinned first; all 3 "hi" runs pure VRAM (3B-style resident path)

=== DETAILED PROFILE (separate pinned run; not headline tok/s) ===
profiled tokens: 33  wall mean 67.693 ms  p50 63.867  p95 109.306  p99 118.535
phase ms/token: embed 0.063 | attention 17.392 | router 3.759 | experts 44.368 | final 1.720
host sync ms/token: router 2.632 | logits/sample 1.693
transfers: H2D 0 B/0 calls | D2H 101508 B/1617 calls | D2D 6488064 B/1584 calls
quant weight reads: 61.291 GiB total (1.857 GiB/token)
experts: hits 12672 misses 0 evictions 0 | peak VRAM 6140.5 MiB
CUDA launches: 20757 total (629.0/token)
  argmax_stage1                33 (1.0/token)
  argmax_stage2                33 (1.0/token)
  embed                        33 (1.0/token)
  expert_group_down            1584 (48.0/token)
  expert_group_gate_up_silu    1584 (48.0/token)
  expert_group_residual        1584 (48.0/token)
  gemv_attn_out_residual       1584 (48.0/token)
  gemv_logits                  33 (1.0/token)
  gemv_router                  1584 (48.0/token)
  gqa_attn                     1584 (48.0/token)
  head_rmsnorm_rope            3168 (96.0/token)
  kv_store                     1584 (48.0/token)
  qkv_fused                    1584 (48.0/token)
  rmsnorm                      3201 (97.0/token)
  router_topk8                 1584 (48.0/token)
per-token real trace: build/profile_trace.csv
